Archive member included because of file (symbol)

c:/program files/atmel/atmel studio 6.0/extensions/atmel/avrgcc/3.3.2.31/avrtoolchain/bin/../lib/gcc/avr/4.5.1/avr25\libgcc.a(_exit.o)
                              c:/program files/atmel/atmel studio 6.0/extensions/atmel/avrgcc/3.3.2.31/avrtoolchain/bin/../lib/gcc/avr/4.5.1/../../../../avr/lib/avr25/crttn861.o (exit)
c:/program files/atmel/atmel studio 6.0/extensions/atmel/avrgcc/3.3.2.31/avrtoolchain/bin/../lib/gcc/avr/4.5.1/avr25\libgcc.a(_clear_bss.o)
                              AM861_I2C_SLAVE_ADC.o (__do_clear_bss)

Allocating common symbols
Common symbol       size              file

_onTwiDataRequest   0x2               AM861_I2C_SLAVE_ADC.o

Memory Configuration

Name             Origin             Length             Attributes
text             0x00000000         0x00002000         xr
data             0x00800060         0x0000ffa0         rw !x
eeprom           0x00810000         0x00010000         rw !x
fuse             0x00820000         0x00000400         rw !x
lock             0x00830000         0x00000400         rw !x
signature        0x00840000         0x00000400         rw !x
*default*        0x00000000         0xffffffff

Linker script and memory map

LOAD c:/program files/atmel/atmel studio 6.0/extensions/atmel/avrgcc/3.3.2.31/avrtoolchain/bin/../lib/gcc/avr/4.5.1/../../../../avr/lib/avr25/crttn861.o
LOAD AM861_I2C_SLAVE_ADC.o
LOAD usiTwiSlave.o
START GROUP
LOAD c:/program files/atmel/atmel studio 6.0/extensions/atmel/avrgcc/3.3.2.31/avrtoolchain/bin/../lib/gcc/avr/4.5.1/../../../../avr/lib/avr25\libm.a
END GROUP
LOAD c:/program files/atmel/atmel studio 6.0/extensions/atmel/avrgcc/3.3.2.31/avrtoolchain/bin/../lib/gcc/avr/4.5.1/avr25\libgcc.a
LOAD c:/program files/atmel/atmel studio 6.0/extensions/atmel/avrgcc/3.3.2.31/avrtoolchain/bin/../lib/gcc/avr/4.5.1/../../../../avr/lib/avr25\libc.a
LOAD c:/program files/atmel/atmel studio 6.0/extensions/atmel/avrgcc/3.3.2.31/avrtoolchain/bin/../lib/gcc/avr/4.5.1/avr25\libgcc.a

.hash
 *(.hash)

.dynsym
 *(.dynsym)

.dynstr
 *(.dynstr)

.gnu.version
 *(.gnu.version)

.gnu.version_d
 *(.gnu.version_d)

.gnu.version_r
 *(.gnu.version_r)

.rel.init
 *(.rel.init)

.rela.init
 *(.rela.init)

.rel.text
 *(.rel.text)
 *(.rel.text.*)
 *(.rel.gnu.linkonce.t*)

.rela.text
 *(.rela.text)
 *(.rela.text.*)
 *(.rela.gnu.linkonce.t*)

.rel.fini
 *(.rel.fini)

.rela.fini
 *(.rela.fini)

.rel.rodata
 *(.rel.rodata)
 *(.rel.rodata.*)
 *(.rel.gnu.linkonce.r*)

.rela.rodata
 *(.rela.rodata)
 *(.rela.rodata.*)
 *(.rela.gnu.linkonce.r*)

.rel.data
 *(.rel.data)
 *(.rel.data.*)
 *(.rel.gnu.linkonce.d*)

.rela.data
 *(.rela.data)
 *(.rela.data.*)
 *(.rela.gnu.linkonce.d*)

.rel.ctors
 *(.rel.ctors)

.rela.ctors
 *(.rela.ctors)

.rel.dtors
 *(.rel.dtors)

.rela.dtors
 *(.rela.dtors)

.rel.got
 *(.rel.got)

.rela.got
 *(.rela.got)

.rel.bss
 *(.rel.bss)

.rela.bss
 *(.rela.bss)

.rel.plt
 *(.rel.plt)

.rela.plt
 *(.rela.plt)

.text           0x00000000      0x2e4
 *(.vectors)
 .vectors       0x00000000       0x26 c:/program files/atmel/atmel studio 6.0/extensions/atmel/avrgcc/3.3.2.31/avrtoolchain/bin/../lib/gcc/avr/4.5.1/../../../../avr/lib/avr25/crttn861.o
                0x00000000                __vector_default
                0x00000000                __vectors
 *(.vectors)
 *(.progmem.gcc*)
 *(.progmem*)
                0x00000026                . = ALIGN (0x2)
                0x00000026                __trampolines_start = .
 *(.trampolines)
 .trampolines   0x00000026        0x0 linker stubs
 *(.trampolines*)
                0x00000026                __trampolines_end = .
 *(.jumptables)
 *(.jumptables*)
 *(.lowtext)
 *(.lowtext*)
                0x00000026                __ctors_start = .
 *(.ctors)
                0x00000026                __ctors_end = .
                0x00000026                __dtors_start = .
 *(.dtors)
                0x00000026                __dtors_end = .
 SORT(*)(.ctors)
 SORT(*)(.dtors)
 *(.init0)
 .init0         0x00000026        0x0 c:/program files/atmel/atmel studio 6.0/extensions/atmel/avrgcc/3.3.2.31/avrtoolchain/bin/../lib/gcc/avr/4.5.1/../../../../avr/lib/avr25/crttn861.o
                0x00000026                __init
 *(.init0)
 *(.init1)
 *(.init1)
 *(.init2)
 .init2         0x00000026        0xc c:/program files/atmel/atmel studio 6.0/extensions/atmel/avrgcc/3.3.2.31/avrtoolchain/bin/../lib/gcc/avr/4.5.1/../../../../avr/lib/avr25/crttn861.o
 *(.init2)
 *(.init3)
 *(.init3)
 *(.init4)
 .init4         0x00000032       0x10 c:/program files/atmel/atmel studio 6.0/extensions/atmel/avrgcc/3.3.2.31/avrtoolchain/bin/../lib/gcc/avr/4.5.1/avr25\libgcc.a(_clear_bss.o)
                0x00000032                __do_clear_bss
 *(.init4)
 *(.init5)
 *(.init5)
 *(.init6)
 *(.init6)
 *(.init7)
 *(.init7)
 *(.init8)
 *(.init8)
 *(.init9)
 .init9         0x00000042        0x4 c:/program files/atmel/atmel studio 6.0/extensions/atmel/avrgcc/3.3.2.31/avrtoolchain/bin/../lib/gcc/avr/4.5.1/../../../../avr/lib/avr25/crttn861.o
 *(.init9)
 *(.text)
 .text          0x00000046        0x2 c:/program files/atmel/atmel studio 6.0/extensions/atmel/avrgcc/3.3.2.31/avrtoolchain/bin/../lib/gcc/avr/4.5.1/../../../../avr/lib/avr25/crttn861.o
                0x00000046                __vector_1
                0x00000046                __vector_12
                0x00000046                __bad_interrupt
                0x00000046                __vector_6
                0x00000046                __vector_3
                0x00000046                __vector_11
                0x00000046                __vector_13
                0x00000046                __vector_17
                0x00000046                __vector_5
                0x00000046                __vector_4
                0x00000046                __vector_9
                0x00000046                __vector_2
                0x00000046                __vector_15
                0x00000046                __vector_14
                0x00000046                __vector_10
                0x00000046                __vector_16
                0x00000046                __vector_18
 .text          0x00000048       0x7c AM861_I2C_SLAVE_ADC.o
                0x00000048                read_adc
                0x0000006a                read_temp
                0x0000008e                main
 .text          0x000000c4      0x21c usiTwiSlave.o
                0x000000c4                usiTwiSlaveInit
                0x000000ee                usiTwiDataInTransmitBuffer
                0x00000100                usiTwiTransmitByte
                0x00000120                usiTwiReceiveByte
                0x00000148                usiTwiDataInReceiveBuffer
                0x0000015a                __vector_7
                0x00000192                __vector_8
 .text          0x000002e0        0x0 c:/program files/atmel/atmel studio 6.0/extensions/atmel/avrgcc/3.3.2.31/avrtoolchain/bin/../lib/gcc/avr/4.5.1/avr25\libgcc.a(_exit.o)
 .text          0x000002e0        0x0 c:/program files/atmel/atmel studio 6.0/extensions/atmel/avrgcc/3.3.2.31/avrtoolchain/bin/../lib/gcc/avr/4.5.1/avr25\libgcc.a(_clear_bss.o)
                0x000002e0                . = ALIGN (0x2)
 *(.text.*)
 .text.libgcc   0x000002e0        0x0 c:/program files/atmel/atmel studio 6.0/extensions/atmel/avrgcc/3.3.2.31/avrtoolchain/bin/../lib/gcc/avr/4.5.1/avr25\libgcc.a(_exit.o)
 .text.libgcc   0x000002e0        0x0 c:/program files/atmel/atmel studio 6.0/extensions/atmel/avrgcc/3.3.2.31/avrtoolchain/bin/../lib/gcc/avr/4.5.1/avr25\libgcc.a(_clear_bss.o)
                0x000002e0                . = ALIGN (0x2)
 *(.fini9)
 .fini9         0x000002e0        0x0 c:/program files/atmel/atmel studio 6.0/extensions/atmel/avrgcc/3.3.2.31/avrtoolchain/bin/../lib/gcc/avr/4.5.1/avr25\libgcc.a(_exit.o)
                0x000002e0                _exit
                0x000002e0                exit
 *(.fini9)
 *(.fini8)
 *(.fini8)
 *(.fini7)
 *(.fini7)
 *(.fini6)
 *(.fini6)
 *(.fini5)
 *(.fini5)
 *(.fini4)
 *(.fini4)
 *(.fini3)
 *(.fini3)
 *(.fini2)
 *(.fini2)
 *(.fini1)
 *(.fini1)
 *(.fini0)
 .fini0         0x000002e0        0x4 c:/program files/atmel/atmel studio 6.0/extensions/atmel/avrgcc/3.3.2.31/avrtoolchain/bin/../lib/gcc/avr/4.5.1/avr25\libgcc.a(_exit.o)
 *(.fini0)
                0x000002e4                _etext = .

.data           0x00800060        0x0 load address 0x000002e4
                0x00800060                PROVIDE (__data_start, .)
 *(.data)
 .data          0x00800060        0x0 c:/program files/atmel/atmel studio 6.0/extensions/atmel/avrgcc/3.3.2.31/avrtoolchain/bin/../lib/gcc/avr/4.5.1/../../../../avr/lib/avr25/crttn861.o
 .data          0x00800060        0x0 AM861_I2C_SLAVE_ADC.o
 .data          0x00800060        0x0 usiTwiSlave.o
 .data          0x00800060        0x0 c:/program files/atmel/atmel studio 6.0/extensions/atmel/avrgcc/3.3.2.31/avrtoolchain/bin/../lib/gcc/avr/4.5.1/avr25\libgcc.a(_exit.o)
 .data          0x00800060        0x0 c:/program files/atmel/atmel studio 6.0/extensions/atmel/avrgcc/3.3.2.31/avrtoolchain/bin/../lib/gcc/avr/4.5.1/avr25\libgcc.a(_clear_bss.o)
 *(.data*)
 *(.rodata)
 *(.rodata*)
 *(.gnu.linkonce.d*)
                0x00800060                . = ALIGN (0x2)
                0x00800060                _edata = .
                0x00800060                PROVIDE (__data_end, .)

.bss            0x00800060       0x28
                0x00800060                PROVIDE (__bss_start, .)
 *(.bss)
 .bss           0x00800060        0x0 c:/program files/atmel/atmel studio 6.0/extensions/atmel/avrgcc/3.3.2.31/avrtoolchain/bin/../lib/gcc/avr/4.5.1/../../../../avr/lib/avr25/crttn861.o
 .bss           0x00800060        0x0 AM861_I2C_SLAVE_ADC.o
 .bss           0x00800060       0x26 usiTwiSlave.o
 .bss           0x00800086        0x0 c:/program files/atmel/atmel studio 6.0/extensions/atmel/avrgcc/3.3.2.31/avrtoolchain/bin/../lib/gcc/avr/4.5.1/avr25\libgcc.a(_exit.o)
 .bss           0x00800086        0x0 c:/program files/atmel/atmel studio 6.0/extensions/atmel/avrgcc/3.3.2.31/avrtoolchain/bin/../lib/gcc/avr/4.5.1/avr25\libgcc.a(_clear_bss.o)
 *(.bss*)
 *(COMMON)
 COMMON         0x00800086        0x2 AM861_I2C_SLAVE_ADC.o
                0x00800086                _onTwiDataRequest
                0x00800088                PROVIDE (__bss_end, .)
                0x000002e4                __data_load_start = LOADADDR (.data)
                0x000002e4                __data_load_end = (__data_load_start + SIZEOF (.data))

.noinit         0x00800088        0x0
                0x00800088                PROVIDE (__noinit_start, .)
 *(.noinit*)
                0x00800088                PROVIDE (__noinit_end, .)
                0x00800088                _end = .
                0x00800088                PROVIDE (__heap_start, .)

.eeprom         0x00810000        0x0
 *(.eeprom*)
                0x00810000                __eeprom_end = .

.fuse
 *(.fuse)
 *(.lfuse)
 *(.hfuse)
 *(.efuse)

.lock
 *(.lock*)

.signature
 *(.signature*)

.stab           0x00000000      0x6cc
 *(.stab)
 .stab          0x00000000      0x6cc c:/program files/atmel/atmel studio 6.0/extensions/atmel/avrgcc/3.3.2.31/avrtoolchain/bin/../lib/gcc/avr/4.5.1/../../../../avr/lib/avr25/crttn861.o

.stabstr        0x00000000       0x97
 *(.stabstr)
 .stabstr       0x00000000       0x97 c:/program files/atmel/atmel studio 6.0/extensions/atmel/avrgcc/3.3.2.31/avrtoolchain/bin/../lib/gcc/avr/4.5.1/../../../../avr/lib/avr25/crttn861.o

.stab.excl
 *(.stab.excl)

.stab.exclstr
 *(.stab.exclstr)

.stab.index
 *(.stab.index)

.stab.indexstr
 *(.stab.indexstr)

.comment
 *(.comment)

.debug
 *(.debug)

.line
 *(.line)

.debug_srcinfo
 *(.debug_srcinfo)

.debug_sfnames
 *(.debug_sfnames)

.debug_aranges  0x00000000       0x40
 *(.debug_aranges)
 .debug_aranges
                0x00000000       0x20 AM861_I2C_SLAVE_ADC.o
 .debug_aranges
                0x00000020       0x20 usiTwiSlave.o

.debug_pubnames
                0x00000000      0x110
 *(.debug_pubnames)
 .debug_pubnames
                0x00000000       0x4c AM861_I2C_SLAVE_ADC.o
 .debug_pubnames
                0x0000004c       0xc4 usiTwiSlave.o

.debug_info     0x00000000      0x444
 *(.debug_info)
 .debug_info    0x00000000      0x1d4 AM861_I2C_SLAVE_ADC.o
 .debug_info    0x000001d4      0x270 usiTwiSlave.o
 *(.gnu.linkonce.wi.*)

.debug_abbrev   0x00000000      0x1ff
 *(.debug_abbrev)
 .debug_abbrev  0x00000000       0xd9 AM861_I2C_SLAVE_ADC.o
 .debug_abbrev  0x000000d9      0x126 usiTwiSlave.o

.debug_line     0x00000000      0x577
 *(.debug_line)
 .debug_line    0x00000000      0x232 AM861_I2C_SLAVE_ADC.o
 .debug_line    0x00000232      0x345 usiTwiSlave.o

.debug_frame    0x00000000       0xc0
 *(.debug_frame)
 .debug_frame   0x00000000       0x40 AM861_I2C_SLAVE_ADC.o
 .debug_frame   0x00000040       0x80 usiTwiSlave.o

.debug_str      0x00000000      0x349
 *(.debug_str)
 .debug_str     0x00000000      0x193 AM861_I2C_SLAVE_ADC.o
                                0x1cc (size before relaxing)
 .debug_str     0x00000193      0x1b6 usiTwiSlave.o
                                0x2cc (size before relaxing)

.debug_loc      0x00000000       0xe9
 *(.debug_loc)
 .debug_loc     0x00000000       0xc7 AM861_I2C_SLAVE_ADC.o
 .debug_loc     0x000000c7       0x22 usiTwiSlave.o

.debug_macinfo
 *(.debug_macinfo)
OUTPUT(AM861_I2C_SLAVE_ADC.elf elf32-avr)
LOAD linker stubs

.debug_pubtypes
                0x00000000       0x6c
 .debug_pubtypes
                0x00000000       0x3a AM861_I2C_SLAVE_ADC.o
 .debug_pubtypes
                0x0000003a       0x32 usiTwiSlave.o
